// Jest Snapshot v1, https://goo.gl/fbAQLP

exports[`render Photo component 1`] = `
<main
  className="App"
>
  <div
    className="container"
    onScroll={[Function]}
  >
    <div
      className="section"
    />
    <div
      className="section"
    />
    <div
      className="section"
    />
  </div>
</main>
`;
